// Jest Snapshot v1, https://goo.gl/fbAQLP

exports[`Confirm that the page renders correctly 1`] = `
<div
  className="intro"
>
  <p
    className="intro-p"
  >
    Let's do some math!
  </p>
  <div
    className="default"
  >
    <input
      className="input-result"
      placeholder="0"
      type="text"
      value="0"
    />
    <div
      className="buttons"
    >
      <button
        className="buttons-group1"
        onClick={[Function]}
        type="button"
      >
        AC
      </button>
      <button
        className="buttons-group1"
        onClick={[Function]}
        type="button"
      >
        +/-
      </button>
      <button
        className="buttons-group1"
        onClick={[Function]}
        type="button"
      >
        %
      </button>
      <button
        className="buttons-group2"
        onClick={[Function]}
        type="button"
      >
        รท
      </button>
      <button
        className="buttons-group1"
        onClick={[Function]}
        type="button"
      >
        7
      </button>
      <button
        className="buttons-group1"
        onClick={[Function]}
        type="button"
      >
        8
      </button>
      <button
        className="buttons-group1"
        onClick={[Function]}
        type="button"
      >
        9
      </button>
      <button
        className="buttons-group2"
        onClick={[Function]}
        type="button"
      >
        x
      </button>
      <button
        className="buttons-group1"
        onClick={[Function]}
        type="button"
      >
        4
      </button>
      <button
        className="buttons-group1"
        onClick={[Function]}
        type="button"
      >
        5
      </button>
      <button
        className="buttons-group1"
        onClick={[Function]}
        type="button"
      >
        6
      </button>
      <button
        className="buttons-group2"
        onClick={[Function]}
        type="button"
      >
        -
      </button>
      <button
        className="buttons-group1"
        onClick={[Function]}
        type="button"
      >
        1
      </button>
      <button
        className="buttons-group1"
        onClick={[Function]}
        type="button"
      >
        2
      </button>
      <button
        className="buttons-group1"
        onClick={[Function]}
        type="button"
      >
        3
      </button>
      <button
        className="buttons-group2"
        onClick={[Function]}
        type="button"
      >
        +
      </button>
      <button
        className="buttons-group3"
        onClick={[Function]}
        type="button"
      >
        0
      </button>
      <button
        className="buttons-group1"
        onClick={[Function]}
        type="button"
      >
        .
      </button>
      <button
        className="buttons-group2"
        onClick={[Function]}
        type="button"
      >
        =
      </button>
    </div>
  </div>
</div>
`;
