// Jest Snapshot v1, https://goo.gl/fbAQLP

exports[`Confirm that ErrorPage renders correctly 1`] = `
<div
  className="error"
>
  <h2
    className="h2"
  >
    Ups...Something went wrong!
  </h2>
  <p
    className="p"
  >
    404 not found
  </p>
</div>
`;
