// Jest Snapshot v1, https://goo.gl/fbAQLP

exports[`Confirm that the navbar is displayed correctly 1`] = `
<nav
  className="nav"
>
  <h1
    className="h1"
  >
    Math Magicians
  </h1>
  <ul
    className="ul"
  >
    <li
      className="li"
    >
      <a
        aria-current="page"
        className="active"
        href="/"
        onClick={[Function]}
      >
        Home
      </a>
    </li>
    <li>
      |
    </li>
    <li
      className="li"
    >
      <a
        className="navLink"
        href="/calculator"
        onClick={[Function]}
      >
        Calculator
      </a>
    </li>
    <li>
      |
    </li>
    <li
      className="li"
    >
      <a
        className="navLink"
        href="/quote"
        onClick={[Function]}
      >
        Quote
      </a>
    </li>
  </ul>
</nav>
`;
